// Jest Snapshot v1, https://goo.gl/fbAQLP

exports[`404 (pages/404.tsx) snapshot 1`] = `
<DocumentFragment>
  <article
    class="article"
  >
    <h1
      class="title"
    >
      404
    </h1>
    <h2
      class="subtitle"
    >
      Not Found.
    </h2>
    <p
      class="message"
    >
      申し訳ございません。サイト上でエラーが発生しました。
    </p>
    <p
      class="message"
    >
      ホームへ戻るか、各種SNSから管理者へご連絡ください。
    </p>
  </article>
</DocumentFragment>
`;
